// Vitest Snapshot v1, https://vitest.dev/guide/snapshot.html

exports[`clients > modelScan > getModelScanInfo > success 1`] = `
[
  [
    "undefined://undefined:undefined/info",
    {
      "headers": {
        "Content-Type": "application/json",
      },
      "method": "GET",
    },
  ],
]
`;

exports[`clients > modelScan > scanStream > success 1`] = `
[
  [
    "undefined://undefined:undefined/scan/file",
    {
      "body": FormData {},
      "headers": {
        "accept": "application/json",
      },
      "method": "POST",
    },
  ],
]
`;
